b lists all buildings
r prints directions for the shortest route between any two buildings
m prints a menu of all commandsm
q to quit
Unknown option
Unknown option
Unknown option
b lists all buildings
r prints directions for the shortest route between any two buildings
m prints a menu of all commandsm
q to quit
