First building id/name, followed by Enter: Second building id/name, followed by Enter: Path from EMPAC to Academy Hall:
	Walk East to (MRC)
	Walk East to (Empire State Hall)
	Walk East to (Cogswell Laboratory)
	Walk East to (Intersection 137)
	Walk SouthEast to (Academy Hall)
Total distance: 490.489 pixel units.
First building id/name, followed by Enter: Second building id/name, followed by Enter: Path from Lally Hall to EMPAC:
	Walk South to (Folsom Library)
	Walk SouthWest to (EMPAC)
Total distance: 233.812 pixel units.
